Sending request...
Response status: 500
Response body: <!DOCTYPE html>
<html lang="en">
<head>
<meta charset="utf-8">
<title>Error</title>
</head>
<body>
<pre>Error: Hanya file PDF yang diizinkan<br> &nbsp; &nbsp;at fileFilter (D:\.gemini\antigravity\scratch\arsip anka\backend\server.js:37:16)<br> &nbsp; &nbsp;at wrappedFileFilter (D:\.gemini\antigravity\scratch\arsip anka\backend\node_modules\multer\index.js:44:7)<br> &nbsp; &nbsp;at Multipart.&lt;anonymous&gt; (D:\.gemini\antigravity\scratch\arsip anka\backend\node_modules\multer\lib\make-middlewa
